// Vitest Snapshot v1, https://vitest.dev/guide/snapshot.html

exports[`Chips 컴포넌트 > UI 스냅샷 테스트 1`] = `
<div
  class="chip selected"
  style="background-image: url("/public/assets/paper.png");"
>
  <span
    class="chip-label"
  >
    Snapshot Chips
  </span>
</div>
`;
